Script started on 2020-04-09 13:17:00-0700
chandlj5@cf418-17:~$ ls
csci241  hello	nano.save  typescript
chandlj5@cf418-17:~$ nano hello
[?1049h[22;0;0t[1;43r(B[m[4l[?7h[39;49m[?1h=[?1h=[?1h=[?25l[39;49m(B[m[H[2J[41;34H(B[0;7m[ Reading File ](B[m[41;40H(B[0;7m 2 lines ](B[m[H(B[0;7m  GNU nano 2.9.3                          hello                                    [1;82H(B[m[42d(B[0;7m^G(B[m Get Help  (B[0;7m^O(B[m Write Out (B[0;7m^W(B[m Where Is  (B[0;7m^K(B[m Cut Text  (B[0;7m^J(B[m Justify   (B[0;7m^C(B[m Cur Pos[43d(B[0;7m^X(B[m Exit[14G(B[0;7m^R(B[m Read File (B[0;7m^\(B[m Replace   (B[0;7m^U(B[m Uncut Text(B[0;7m^T(B[m To Spell  (B[0;7m^_(B[m Go To Line[41d[3d[39;49m(B[mHello[?12l[?25h[?25l[41d[J[43;83H[?12l[?25h[43;1H[?1049l[23;0;0t[?1l>chandlj5@cf418-17:~$ cs[Kd csci241
chandlj5@cf418-17:~/csci241$ ls
lab-1-JLChacos
chandlj5@cf418-17:~/csci241$ git c[K[K[K[K[Kgit clone httsps[K[K[Kps://github.com/csci241-20s/lb[Kab-1-JLChaco s
fatal: destination path 'lab-1-JLChacos' already exists and is not an empty directory.
chandlj5@cf418-17:~/csci241$ /s[K[K/ls
bash: /ls: No such file or directory
chandlj5@cf418-17:~/csci241$ ls
lab-1-JLChacos
chandlj5@cf418-17:~/csci241$ cd lab-1-JLCH[Khacos
chandlj5@cf418-17:~/csci241/lab-1-JLChacos$ git config -- glov[Kbal us[K[K[K[K[K[K[K[K[K[Kglobal user.name "Joss Cha ndler"
chandlj5@cf418-17:~/csci241/lab-1-JLChacos$ git config --Gl[K[Kglov[Kbal user.email chandlj5 @wwu.edu
chandlj5@cf418-17:~/csci241/lab-1-JLChacos$ touch writeup.t[Ktxt
chandlj5@cf418-17:~/csci241/lab-1-JLChacos$ git add writeup.txt
chandlj5@cf418-17:~/csci241/lab-1-JLChacos$ git m[Kcommit -m "Added empty writeup"
[master c2a5008] Added empty writeup
 1 file changed, 5 insertions(+)
 create mode 100644 typescript
chandlj5@cf418-17:~/csci241/lab-1-JLChacos$ git push
Username for 'https://github.com': JLChacos
Password for 'https://JLChacos@github.com': 
Counting objects: 3, done.
Delta compression using up to 8 threads.
Compressing objects:  33% (1/3)   Compressing objects:  66% (2/3)   Compressing objects: 100% (3/3)   Compressing objects: 100% (3/3), done.
Writing objects:  33% (1/3)   Writing objects:  66% (2/3)   Writing objects: 100% (3/3)   Writing objects: 100% (3/3), 384 bytes | 384.00 KiB/s, done.
Total 3 (delta 1), reused 0 (delta 0)
remote: Resolving deltas:   0% (0/1)[Kremote: Resolving deltas: 100% (1/1)[Kremote: Resolving deltas: 100% (1/1), completed with 1 local object.[K
To https://github.com/csci241-20s/lab-1-JLChacos
   7fb0fb0..c2a5008  master -> master
chandlj5@cf418-17:~/csci241/lab-1-JLChacos$ exit
exit

Script done on 2020-04-09 13:28:34-0700
Script started on 2020-04-09 13:29:19-0700
chandlj5@cf418-17:~$ git status
fatal: not a git repository (or any parent up to mount point /)
Stopping at filesystem boundary (GIT_DISCOVERY_ACROSS_FILESYSTEM not set).
chandlj5@cf418-17:~$ nano[K[Kno writeup.txt
[?1049h[22;0;0t[1;43r(B[m[4l[?7h[39;49m[?1h=[?1h=[?1h=[?25l[39;49m(B[m[H[2J[41;36H(B[0;7m[ New File ](B[m[H(B[0;7m  GNU nano 2.9.3                       writeup.txt                                 [1;82H(B[m[42d(B[0;7m^G(B[m Get Help  (B[0;7m^O(B[m Write Out (B[0;7m^W(B[m Where Is  (B[0;7m^K(B[m Cut Text  (B[0;7m^J(B[m Justify   (B[0;7m^C(B[m Cur Pos[43d(B[0;7m^X(B[m Exit[14G(B[0;7m^R(B[m Read File (B[0;7m^\(B[m Replace   (B[0;7m^U(B[m Uncut Text(B[0;7m^T(B[m To Spell  (B[0;7m^_(B[m Go To Line[41d[3d[39;49m(B[m[?12l[?25h[?25l[41d[J[43;83H[?12l[?25h[43;1H[?1049l[23;0;0t[?1l>chandlj5@cf418-17:~$ scs[K[K[Kcsci241/lab-1-JLChacos[Ccsci241/lab-1-JLChacosdcsci241/lab-1-JLChacos csci241/lab-1-JLChacos
chandlj5@cf418-17:~/csci241/lab-1-JLChacos$ git status
On branch master
Your branch is up to date with 'origin/master'.

Changes not staged for commit:
  (use "git add <file>..." to update what will be committed)
  (use "git checkout -- <file>..." to discard changes in working directory)

	[31mmodified:   src/main/java/lab1/Hello.java[m

Untracked files:
  (use "git add <file>..." to include in what will be committed)

	[31m.gradle/[m
	[31mbuild/[m

no changes added to commit (use "git add" and/or "git commit -a")
chandlj5@cf418-17:~/csci241/lab-1-JLChacos$ git commit -a
hint: Waiting for your editor to close the file... [?2004h[?1049h[22;0;0t[?1h=[?2004h[1;43r[?12h[?12l[27m[23m[29m[m[H[2J[?25l[43;1H"~/csci241/lab-1-JLChacos/.git/COMMIT_EDITMSG"<csci241/lab-1-JLChacos/.git/COMMIT_EDITMSG" 14L, 323C[2;1H▽[6n[2;1H  [1;1H[>c]10;?]11;?[2;1H[34m# Please enter the commit message for your changes. Lines starting
# with '#' will be ignored, and an empty message aborts the commit.
#
# On branch [m[35mmaster[m
[34m# Your branch is up to date with '[m[35morigin/master[m[34m'.
#
# [m[35mChanges to be committed:[m
[34m#       [m[32mmodified[m[34m: [m[31m  src/main/java/lab1/Hello.java[m
[34m#
# [m[35mUntracked files:[m
[34m#       [m[31m.gradle/[m
[34m#       [m[31mbuild/[m
[34m#[m
[94m~                                                                                  [16;1H~                                                                                  [17;1H~                                                                                  [18;1H~                                                                                  [19;1H~                                                                                  [20;1H~                                                                                  [21;1H~                                                                                  [22;1H~                                                                                  [23;1H~                                                                                  [24;1H~                                                                                  [25;1H~                                                                                  [26;1H~                                                                                  [27;1H~                                                                                  [28;1H~                                                                                  [29;1H~                                                                                  [30;1H~                                                                                  [31;1H~                                                                                  [32;1H~                                                                                  [33;1H~                                                                                  [34;1H~                                                                                  [35;1H~                                                                                  [36;1H~                                                                                  [37;1H~                                                                                  [38;1H~                                                                                  [39;1H~                                                                                  [40;1H~                                                                                  [41;1H~                                                                                  [42;1H~                                                                                  [m[43;66H1,0-1[9CAll[1;1H[?25h[?25l[43;56H^[[1;1H[43;56H  [1;1H[43;56H^[[1;1H[43;58H[[1;1H[43;56H   [1;1H[43;56H^[[1;1H[43;58H[[1;1H[43;59H2[1;1H[43;56H    [1;1H[43;56H^[[1;1H[43;58H[[1;1H[43;59H2[1;1H[43;60H;[1;1H[43;56H     [1;1H[43;56H^[[1;1H[43;58H[[1;1H[43;59H2[1;1H[43;60H;[1;1H[43;61H2[1;1H[43;56H      [1;1H[?25h[?25l[43;56H1[1;1H[?25h[?25l[43;57H~@k[1;1H[43;56H    [1;1H[?25h[?25l[43;56H^M[1;1H[43;56H  [2;1H[43;66H2,1  [2;1H[?25h[?25l[43;56H^Z[2;1H[43;1H
[?2004l[?1l>[?25h[?1049l[23;0;0t[?2004l
[1]+  Stopped                 git commit -a
chandlj5@cf418-17:~/csci241/lab-1-JLChacos$ git commit
fatal: Unable to create '/home/chandlj5/csci241/lab-1-JLChacos/.git/index.lock': File exists.

Another git process seems to be running in this repository, e.g.
an editor opened by 'git commit'. Please make sure all processes
are terminated then try again. If it still fails, a git process
may have crashed in this repository earlier:
remove the file manually to continue.
chandlj5@cf418-17:~/csci241/lab-1-JLChacos$ fg
git commit -a
[?2004h[?1049h[22;0;0t[?1h=[?2004h[?12h[?12l[27m[23m[29m[m[H[2J[?25l[2;1H[34m# Please enter the commit message for your changes. Lines starting
# with '#' will be ignored, and an empty message aborts the commit.
#
# On branch [m[35mmaster[m
[34m# Your branch is up to date with '[m[35morigin/master[m[34m'.
#
# [m[35mChanges to be committed:[m
[34m#       [m[32mmodified[m[34m: [m[31m  src/main/java/lab1/Hello.java[m
[34m#
# [m[35mUntracked files:[m
[34m#       [m[31m.gradle/[m
[34m#       [m[31mbuild/[m
[34m#[m
[94m~                                                                                  [16;1H~                                                                                  [17;1H~                                                                                  [18;1H~                                                                                  [19;1H~                                                                                  [20;1H~                                                                                  [21;1H~                                                                                  [22;1H~                                                                                  [23;1H~                                                                                  [24;1H~                                                                                  [25;1H~                                                                                  [26;1H~                                                                                  [27;1H~                                                                                  [28;1H~                                                                                  [29;1H~                                                                                  [30;1H~                                                                                  [31;1H~                                                                                  [32;1H~                                                                                  [33;1H~                                                                                  [34;1H~                                                                                  [35;1H~                                                                                  [36;1H~                                                                                  [37;1H~                                                                                  [38;1H~                                                                                  [39;1H~                                                                                  [40;1H~                                                                                  [41;1H~                                                                                  [42;1H~                                                                                  [m[43;66H2,1[11CAll[2;1H[?25h[?25l[?25h[?25l[43;56H^M[2;1H[43;56H  [3;1H[43;66H3[3;1H[?25h[?25l[43;56Hq[3;1H[?25h[?25l[43;57Hq[3;1H[43;1H[1mrecording @q[m[43;56H[K[43;66H3,1[11CAll[3;1H[?25h[?25l[43;56Hq[3;1H[43;1H[K[3;1H[43;66H3,1[11CAll[3;1H[?25h[?25l[43;56H:[3;1H[43;56H[K[43;1H:[?2004h[?25hq[?25l[?25h[?25l[?2004l[43;1H[K[43;1H[?2004l[?1l>[?25h[?1049l[23;0;0t[KAborting commit due to empty commit message.
chandlj5@cf418-17:~/csci241/lab-1-JLChacos$ git commit[K[K[K[K[K[Kadd [K[K[K[K[K[K[K[Kte[Kypescript.txt
typescript.txt: command not found
chandlj5@cf418-17:~/csci241/lab-1-JLChacos$ nano typescript.txt[K[K[K[K[K[K[K[K[K[K[K[K[K[K[K[K[K[K[Khead tyrps[K[K[Kpescript.txt
head: cannot open 'typescript.txt' for reading: No such file or directory
chandlj5@cf418-17:~/csci241/lab-1-JLChacos$ a[Kgit add[K[K[K[K[K[K[K/[Kcd[K[Kl[Kls
build	      gradle	       src	   username.txt
build.gradle  settings.gradle  typescript  writeup.txt
chandlj5@cf418-17:~/csci241/lab-1-JLChacos$ head typescript
Script started on 2020-04-09 13:02:09-0700
chandlj5@cf164-05:~/csci241/lab-1-JLChacos$ exit
exit

Script done on 2020-04-09 13:04:07-0700
chandlj5@cf418-17:~/csci241/lab-1-JLChacos$ cd
chandlj5@cf418-17:~$ ls
csci241  hello	nano.save  typescript
chandlj5@cf418-17:~$ head typescript
Script started on 2020-04-09 13:17:00-0700
chandlj5@cf418-17:~$ ls
csci241  hello	nano.save  typescript
chandlj5@cf418-17:~$ nano hello
[?1049h[22;0;0t[1;43r(B[m[4l[?7h[39;49m[?1h=[?1h=[?1h=[?25l[39;49m(B[m[H[2J[41;34H(B[0;7m[ Reading File ](B[m[41;40H(B[0;7m 2 lines ](B[m[H(B[0;7m  GNU nano 2.9.3                          hello                                    [1;82H(B[m[42d(B[0;7m^G(B[m Get Help  (B[0;7m^O(B[m Write Out (B[0;7m^W(B[m Where Is  (B[0;7m^K(B[m Cut Text  (B[0;7m^J(B[m Justify   (B[0;7m^C(B[m Cur Pos[43d(B[0;7m^X(B[m Exit[14G(B[0;7m^R(B[m Read File (B[0;7m^\(B[m Replace   (B[0;7m^U(B[m Uncut Text(B[0;7m^T(B[m To Spell  (B[0;7m^_(B[m Go To Line[41d[3d[39;49m(B[mHello[?12l[?25h[?25l[41d[J[43;83H[?12l[?25h[43;1H[?1049l[23;0;0t[?1l>chandlj5@cf418-17:~$ cs[Kd csci241
chandlj5@cf418-17:~/csci241$ ls
lab-1-JLChacos
chandlj5@cf418-17:~/csci241$ git c[K[K[K[K[Kgit clone httsps[K[K[Kps://github.com/csci241-20s/lb[Kab-1-JLChaco s
fatal: destination path 'lab-1-JLChacos' already exists and is not an empty directory.
chandlj5@cf418-17:~/csci241$ /s[K[K/ls
chandlj5@cf418-17:~$ cd csci241
chandlj5@cf418-17:~/csci241$ ls
lab-1-JLChacos
chandlj5@cf418-17:~/csci241$ script -a
Script started, file is typescript
chandlj5@cf418-17:~/csci241$ exit
exit
Script done, file is typescript
chandlj5@cf418-17:~/csci241$ exit
exit

Script done on 2020-04-09 13:46:14-0700
Script started on 2020-04-09 13:47:41-0700
chandlj5@cf164-19:~$ head typescript
Script started on 2020-04-09 13:17:00-0700
chandlj5@cf418-17:~$ ls
csci241  hello	nano.save  typescript
chandlj5@cf418-17:~$ nano hello
[?1049h[22;0;0t[1;43r(B[m[4l[?7h[39;49m[?1h=[?1h=[?1h=[?25l[39;49m(B[m[H[2J[41;34H(B[0;7m[ Reading File ](B[m[41;40H(B[0;7m 2 lines ](B[m[H(B[0;7m  GNU nano 2.9.3                          hello                                    [1;82H(B[m[42d(B[0;7m^G(B[m Get Help  (B[0;7m^O(B[m Write Out (B[0;7m^W(B[m Where Is  (B[0;7m^K(B[m Cut Text  (B[0;7m^J(B[m Justify   (B[0;7m^C(B[m Cur Pos[43d(B[0;7m^X(B[m Exit[14G(B[0;7m^R(B[m Read File (B[0;7m^\(B[m Replace   (B[0;7m^U(B[m Uncut Text(B[0;7m^T(B[m To Spell  (B[0;7m^_(B[m Go To Line[41d[3d[39;49m(B[mHello[?12l[?25h[?25l[41d[J[43;83H[?12l[?25h[43;1H[?1049l[23;0;0t[?1l>chandlj5@cf418-17:~$ cs[Kd csci241
chandlj5@cf418-17:~/csci241$ ls
lab-1-JLChacos
chandlj5@cf418-17:~/csci241$ git c[K[K[K[K[Kgit clone httsps[K[K[Kps://github.com/csci241-20s/lb[Kab-1-JLChaco s
fatal: destination path 'lab-1-JLChacos' already exists and is not an empty directory.
chandlj5@cf418-17:~/csci241$ /s[K[K/ls
chandlj5@cf164-19:~$ cd csci241/lab-1-JLCH[Khacos
chandlj5@cf164-19:~/csci241/lab-1-JLChacos$ git checkout -b question 3[K[K3
M	src/main/java/lab1/Hello.java
Switched to a new branch 'question3'
chandlj5@cf164-19:~/csci241/lab-1-JLChacos$ nano writeup.txt
[?1049h[22;0;0t[1;43r(B[m[4l[?7h[39;49m[?1h=[?1h=[?1h=[?25l[49m(B[m[H[2J[41;34H(B[0;7m[ Reading File ](B[m[41;40H(B[0;7m 3 lines ](B[m[H(B[0;7m  GNU nano 2.9.3                       writeup.txt                                 [1;82H(B[m[42d(B[0;7m^G(B[m Get Help  (B[0;7m^O(B[m Write Out (B[0;7m^W(B[m Where Is  (B[0;7m^K(B[m Cut Text  (B[0;7m^J(B[m Justify   (B[0;7m^C(B[m Cur Pos[43d(B[0;7m^X(B[m Exit[14G(B[0;7m^R(B[m Read File (B[0;7m^\(B[m Replace   (B[0;7m^U(B[m Uncut Text(B[0;7m^T(B[m To Spell  (B[0;7m^_(B[m Go To Line[41d[3d[49m(B[mJoss Chandler[4dHobby: Reading[5dFavorite song:Run by Joji[3d[?12l[?25h[?25l[41d[J[43;83H[?12l[?25h[43;1H[?1049l[23;0;0t[?1l>chandlj5@cf164-19:~/csci241/lab-1-JLChacos$ git status
On branch question3
Changes not staged for commit:
  (use "git add <file>..." to update what will be committed)
  (use "git checkout -- <file>..." to discard changes in working directory)

	[31mmodified:   src/main/java/lab1/Hello.java[m

Untracked files:
  (use "git add <file>..." to include in what will be committed)

	[31m.gradle/[m
	[31mbuild/[m

no changes added to commit (use "git add" and/or "git commit -a")
chandlj5@cf164-19:~/csci241/lab-1-JLChacos$ git comme[Kit hello.java
error: pathspec 'hello.java' did not match any file(s) known to git.
chandlj5@cf164-19:~/csci241/lab-1-JLChacos$ git add Hello.java
fatal: pathspec 'Hello.java' did not match any files
chandlj5@cf164-19:~/csci241/lab-1-JLChacos$ git add a[Khello.java[K[K[K[K[K[K[K[K[K[K[K[K[K[Kadd src/main/java/lab1/Hello.java
chandlj5@cf164-19:~/csci241/lab-1-JLChacos$ git commit
hint: Waiting for your editor to close the file... [?2004h[?1049h[22;0;0t[?1h=[?2004h[1;43r[?12h[?12l[27m[23m[29m[m[H[2J[?25l[43;1H"~/csci241/lab-1-JLChacos/.git/COMMIT_EDITMSG"<csci241/lab-1-JLChacos/.git/COMMIT_EDITMSG" 12L, 274C[2;1H▽[6n[2;1H  [1;1H[>c]10;?]11;?[2;1H[34m# Please enter the commit message for your changes. Lines starting
# with '#' will be ignored, and an empty message aborts the commit.
#
# On branch [m[35mquestion3[m
[34m# [m[35mChanges to be committed:[m
[34m#       [m[32mmodified[m[34m: [m[31m  src/main/java/lab1/Hello.java[m
[34m#
# [m[35mUntracked files:[m
[34m#       [m[31m.gradle/[m
[34m#       [m[31mbuild/[m
[34m#[m
[94m~                                                                                  [14;1H~                                                                                  [15;1H~                                                                                  [16;1H~                                                                                  [17;1H~                                                                                  [18;1H~                                                                                  [19;1H~                                                                                  [20;1H~                                                                                  [21;1H~                                                                                  [22;1H~                                                                                  [23;1H~                                                                                  [24;1H~                                                                                  [25;1H~                                                                                  [26;1H~                                                                                  [27;1H~                                                                                  [28;1H~                                                                                  [29;1H~                                                                                  [30;1H~                                                                                  [31;1H~                                                                                  [32;1H~                                                                                  [33;1H~                                                                                  [34;1H~                                                                                  [35;1H~                                                                                  [36;1H~                                                                                  [37;1H~                                                                                  [38;1H~                                                                                  [39;1H~                                                                                  [40;1H~                                                                                  [41;1H~                                                                                  [42;1H~                                                                                  [m[43;66H1,0-1[9CAll[1;1H[?25h[?25l[43;56H^[[1;1H[43;56H  [1;1H[43;56H^[[1;1H[43;58H[[1;1H[43;56H   [1;1H[43;56H^[[1;1H[43;58H[[1;1H[43;59H2[1;1H[43;56H    [1;1H[43;56H^[[1;1H[43;58H[[1;1H[43;59H2[1;1H[43;60H;[1;1H[43;56H     [1;1H[43;56H^[[1;1H[43;58H[[1;1H[43;59H2[1;1H[43;60H;[1;1H[43;61H2[1;1H[43;56H      [1;1H[?25h[?25l[43;56H:[1;1H[43;1H[K[43;1H:[?2004h[?25hq[?25l[?25h[?25l[?2004l[43;1H[K[43;1H[?2004l[?1l>[?25h[?1049l[23;0;0t[KAborting commit due to empty commit message.
chandlj5@cf164-19:~/csci241/lab-1-JLChacos$ st[K[Kgit status
On branch question3
Changes to be committed:
  (use "git reset HEAD <file>..." to unstage)

	[32mmodified:   src/main/java/lab1/Hello.java[m

Untracked files:
  (use "git add <file>..." to include in what will be committed)

	[31m.gradle/[m
	[31mbuild/[m

chandlj5@cf164-19:~/csci241/lab-1-JLChacos$ git commit -m "adding hello.java"
[question3 10b4a2d] adding hello.java
 1 file changed, 1 insertion(+), 1 deletion(-)
chandlj5@cf164-19:~/csci241/lab-1-JLChacos$ push[K[K[K[Kgit push
fatal: The current branch question3 has no upstream branch.
To push the current branch and set the remote as upstream, use

    git push --set-upstream origin question3

chandlj5@cf164-19:~/csci241/lab-1-JLChacos$ g[Kgit checkout master
Switched to branch 'master'
Your branch is up to date with 'origin/master'.
chandlj5@cf164-19:~/csci241/lab-1-JLChacos$ merge question [K3

Command 'merge' not found, but can be installed with:

apt install rcs
Please ask your administrator.

chandlj5@cf164-19:~/csci241/lab-1-JLChacos$ git merge question [K3
Updating c2a5008..10b4a2d
Fast-forward
 src/main/java/lab1/Hello.java | 2 [32m+[m[31m-[m
 1 file changed, 1 insertion(+), 1 deletion(-)
chandlj5@cf164-19:~/csci241/lab-1-JLChacos$ commit -m "adding hello.java"
commit: command not found
chandlj5@cf164-19:~/csci241/lab-1-JLChacos$ git commit -m "adding hello.jaava
> 
> 
> q
> f
> :q
> exit
> 
> 
> 
> 
> 
> "
On branch master
Your branch is ahead of 'origin/master' by 1 commit.
  (use "git push" to publish your local commits)

Untracked files:
	[31m.gradle/[m
	[31mbuild/[m

nothing added to commit but untracked files present
chandlj5@cf164-19:~/csci241/lab-1-JLChacos$ git [K[K[K[Kgit status
On branch master
Your branch is ahead of 'origin/master' by 1 commit.
  (use "git push" to publish your local commits)

Untracked files:
  (use "git add <file>..." to include in what will be committed)

	[31m.gradle/[m
	[31mbuild/[m

nothing added to commit but untracked files present (use "git add" to track)
chandlj5@cf164-19:~/csci241/lab-1-JLChacos$ git push
Username for 'https://github.com': JLChacs os
Password for 'https://JLChacos@github.com': 
Counting objects: 7, done.
Delta compression using up to 8 threads.
Compressing objects:  33% (1/3)   Compressing objects:  66% (2/3)   Compressing objects: 100% (3/3)   Compressing objects: 100% (3/3), done.
Writing objects:  14% (1/7)   Writing objects:  28% (2/7)   Writing objects:  42% (3/7)   Writing objects:  57% (4/7)   Writing objects:  71% (5/7)   Writing objects:  85% (6/7)   Writing objects: 100% (7/7)   Writing objects: 100% (7/7), 477 bytes | 238.00 KiB/s, done.
Total 7 (delta 2), reused 0 (delta 0)
remote: Resolving deltas:   0% (0/2)[Kremote: Resolving deltas:  50% (1/2)[Kremote: Resolving deltas: 100% (2/2)[Kremote: Resolving deltas: 100% (2/2), completed with 2 local objects.[K
To https://github.com/csci241-20s/lab-1-JLChacos
   c2a5008..10b4a2d  master -> master
chandlj5@cf164-19:~/csci241/lab-1-JLChacos$ git status
On branch master
Your branch is up to date with 'origin/master'.

Untracked files:
  (use "git add <file>..." to include in what will be committed)

	[31m.gradle/[m
	[31mbuild/[m

nothing added to commit but untracked files present (use "git add" to track)
chandlj5@cf164-19:~/csci241/lab-1-JLChacos$ git add .grade[Kle[K[Kle/
chandlj5@cf164-19:~/csci241/lab-1-JLChacos$ git add build/
chandlj5@cf164-19:~/csci241/lab-1-JLChacos$ gt[Kit status
On branch master
Your branch is up to date with 'origin/master'.

Changes to be committed:
  (use "git reset HEAD <file>..." to unstage)

	[32mnew file:   .gradle/6.1/executionHistory/executionHistory.bin[m
	[32mnew file:   .gradle/6.1/executionHistory/executionHistory.lock[m
	[32mnew file:   .gradle/6.1/fileChanges/last-build.bin[m
	[32mnew file:   .gradle/6.1/fileContent/fileContent.lock[m
	[32mnew file:   .gradle/6.1/fileHashes/fileHashes.bin[m
	[32mnew file:   .gradle/6.1/fileHashes/fileHashes.lock[m
	[32mnew file:   .gradle/6.1/gc.properties[m
	[32mnew file:   .gradle/6.1/javaCompile/classAnalysis.bin[m
	[32mnew file:   .gradle/6.1/javaCompile/javaCompile.lock[m
	[32mnew file:   .gradle/6.1/javaCompile/taskHistory.bin[m
	[32mnew file:   .gradle/buildOutputCleanup/buildOutputCleanup.lock[m
	[32mnew file:   .gradle/buildOutputCleanup/cache.properties[m
	[32mnew file:   .gradle/buildOutputCleanup/outputFiles.bin[m
	[32mnew file:   .gradle/checksums/checksums.lock[m
	[32mnew file:   .gradle/checksums/md5-checksums.bin[m
	[32mnew file:   .gradle/checksums/sha1-checksums.bin[m
	[32mnew file:   .gradle/vcs-1/gc.properties[m
	[32mnew file:   build/classes/java/main/lab1/Hello.class[m
	[32mnew file:   build/distributions/lab1.tar[m
	[32mnew file:   build/distributions/lab1.zip[m
	[32mnew file:   build/libs/lab1.jar[m
	[32mnew file:   build/scripts/lab1[m
	[32mnew file:   build/scripts/lab1.bat[m
	[32mnew file:   build/tmp/jar/MANIFEST.MF[m

chandlj5@cf164-19:~/csci241/lab-1-JLChacos$ git commit /[K-m "Commiting [K[K[K[K[K[K[K[K[K[KChangl[Kes to java file"
[master cb88d68] Changes to java file
 24 files changed, 287 insertions(+)
 create mode 100644 .gradle/6.1/executionHistory/executionHistory.bin
 create mode 100644 .gradle/6.1/executionHistory/executionHistory.lock
 create mode 100644 .gradle/6.1/fileChanges/last-build.bin
 create mode 100644 .gradle/6.1/fileContent/fileContent.lock
 create mode 100644 .gradle/6.1/fileHashes/fileHashes.bin
 create mode 100644 .gradle/6.1/fileHashes/fileHashes.lock
 create mode 100644 .gradle/6.1/gc.properties
 create mode 100644 .gradle/6.1/javaCompile/classAnalysis.bin
 create mode 100644 .gradle/6.1/javaCompile/javaCompile.lock
 create mode 100644 .gradle/6.1/javaCompile/taskHistory.bin
 create mode 100644 .gradle/buildOutputCleanup/buildOutputCleanup.lock
 create mode 100644 .gradle/buildOutputCleanup/cache.properties
 create mode 100644 .gradle/buildOutputCleanup/outputFiles.bin
 create mode 100644 .gradle/checksums/checksums.lock
 create mode 100644 .gradle/checksums/md5-checksums.bin
 create mode 100644 .gradle/checksums/sha1-checksums.bin
 create mode 100644 .gradle/vcs-1/gc.properties
 create mode 100644 build/classes/java/main/lab1/Hello.class
 create mode 100644 build/distributions/lab1.tar
 create mode 100644 build/distributions/lab1.zip
 create mode 100644 build/libs/lab1.jar
 create mode 100755 build/scripts/lab1
 create mode 100644 build/scripts/lab1.bat
 create mode 100644 build/tmp/jar/MANIFEST.MF
chandlj5@cf164-19:~/csci241/lab-1-JLChacos$ git staut[K[Ktus
On branch master
Your branch is ahead of 'origin/master' by 1 commit.
  (use "git push" to publish your local commits)

nothing to commit, working tree clean
chandlj5@cf164-19:~/csci241/lab-1-JLChacos$ git push
Username for 'https://github.com': JLChacos
Password for 'https://JLChacos@github.com': 
Counting objects: 44, done.
Delta compression using up to 8 threads.
Compressing objects:   4% (1/25)   Compressing objects:   8% (2/25)   Compressing objects:  12% (3/25)   Compressing objects:  16% (4/25)   Compressing objects:  20% (5/25)   Compressing objects:  24% (6/25)   Compressing objects:  28% (7/25)   Compressing objects:  32% (8/25)   Compressing objects:  36% (9/25)   Compressing objects:  40% (10/25)   Compressing objects:  44% (11/25)   Compressing objects:  48% (12/25)   Compressing objects:  52% (13/25)   Compressing objects:  56% (14/25)   Compressing objects:  60% (15/25)   Compressing objects:  64% (16/25)   Compressing objects:  68% (17/25)   Compressing objects:  72% (18/25)   Compressing objects:  76% (19/25)   Compressing objects:  80% (20/25)   Compressing objects:  84% (21/25)   Compressing objects:  88% (22/25)   Compressing objects:  92% (23/25)   Compressing objects:  96% (24/25)   Compressing objects: 100% (25/25)   Compressing objects: 100% (25/25), done.
Writing objects:   2% (1/44)   Writing objects:   4% (2/44)   Writing objects:   6% (3/44)   Writing objects:   9% (4/44)   Writing objects:  11% (5/44)   Writing objects:  13% (6/44)   Writing objects:  15% (7/44)   Writing objects:  18% (8/44)   Writing objects:  20% (9/44)   Writing objects:  22% (10/44)   Writing objects:  25% (11/44)   Writing objects:  27% (12/44)   Writing objects:  29% (13/44)   Writing objects:  31% (14/44)   Writing objects:  34% (15/44)   Writing objects:  36% (16/44)   Writing objects:  38% (17/44)   Writing objects:  40% (18/44)   Writing objects:  43% (19/44)   Writing objects:  45% (20/44)   Writing objects:  47% (21/44)   Writing objects:  50% (22/44)   Writing objects:  52% (23/44)   Writing objects:  54% (24/44)   Writing objects:  59% (26/44)   Writing objects:  61% (27/44)   Writing objects:  63% (28/44)   Writing objects:  65% (29/44)   Writing objects:  68% (30/44)   Writing objects:  70% (31/44)   Writing objects:  72% (32/44)   Writing objects:  75% (33/44)   Writing objects:  77% (34/44)   Writing objects:  79% (35/44), 1.95 MiB | 3.88 MiB/s   Writing objects:  81% (36/44), 1.95 MiB | 3.88 MiB/s   Writing objects:  84% (37/44), 1.95 MiB | 3.88 MiB/s   Writing objects:  86% (38/44), 1.95 MiB | 3.88 MiB/s   Writing objects:  88% (39/44), 1.95 MiB | 3.88 MiB/s   Writing objects:  90% (40/44), 1.95 MiB | 3.88 MiB/s   Writing objects:  93% (41/44), 1.95 MiB | 3.88 MiB/s   Writing objects:  95% (42/44), 1.95 MiB | 3.88 MiB/s   Writing objects:  97% (43/44), 1.95 MiB | 3.88 MiB/s   Writing objects: 100% (44/44), 1.95 MiB | 3.88 MiB/s   Writing objects: 100% (44/44), 5.12 MiB | 5.95 MiB/s, done.
Total 44 (delta 6), reused 0 (delta 0)
remote: Resolving deltas:   0% (0/6)[Kremote: Resolving deltas:  83% (5/6)[Kremote: Resolving deltas: 100% (6/6)[Kremote: Resolving deltas: 100% (6/6), completed with 1 local object.[K
To https://github.com/csci241-20s/lab-1-JLChacos
   10b4a2d..cb88d68  master -> master
chandlj5@cf164-19:~/csci241/lab-1-JLChacos$ gradle build
Starting a Gradle Daemon, 1 incompatible and 1 stopped Daemons could not be reused, use --status for details


[2A[1B[1m> Starting Daemon[m[17D[1B[1A> IDLE[0K[6D[1B[2A[1m<[0;1m-------------> 0% INITIALIZING [81ms][m[38D[1B[1m> Evaluating settings[m[21D[1B[2A[1m<[0;1m-------------> 0% INITIALIZING [181ms][m[39D[2B[2A[1m<[0;1m-------------> 0% INITIALIZING [281ms][m[39D[2B[2A[1m<[0;1m-------------> 0% INITIALIZING [381ms][m[39D[2B[2A[1m<[0;1m-------------> 0% CONFIGURING [481ms][m[0K[38D[1B[1m> Loading projects[m[0K[18D[1B[2A[1m<[0;1m-------------> 0% CONFIGURING [581ms][m[38D[1B[1m> root project[m[0K[14D[1B[2A[1m<[0;1m-------------> 0% CONFIGURING [681ms][m[38D[2B[2A[1m<[0;1m-------------> 0% CONFIGURING [781ms][m[38D[2B[2A[1m<[0;1m-------------> 0% CONFIGURING [881ms][m[38D[2B[2A[1m<[0;32;1m=============[0;39;1m> 100% CONFIGURING [981ms][m[40D[1B> IDLE[0K[6D[1B[2A[1m<[0;32;1m=============[0;39;1m> 100% CONFIGURING [1s][m[0K[37D[2B[2A[1m<[0;1m-------------> 0% EXECUTING [1s][m[0K[33D[1B[1m> :compileJava > Resolve dependencies of :compileClasspath[m[58D[1B[1A[1m> :compileJava > Resolve files of :compileClasspath[m[0K[51D[1B[2A[1m<[0;32;1m==[0;39;1m-----------> 21% EXECUTING [1s][m[34D[1B[1m> :jar[m[0K[6D[1B[2A[1m<[0;32;1m====[0;39;1m---------> 35% EXECUTING [1s][m[34D[1B[1m> :distTar[m[10D[1B[2A[1m<[0;32;1m=====[0;39;1m--------> 42% EXECUTING [1s][m[34D[1B[1m> :distZip[m[10D[1B[2A[1m<[0;32;1m=======[0;39;1m------> 57% EXECUTING [1s][m[34D[1B[1m> :compileTestJava[m[18D[1B[2A[0K
[32;1mBUILD SUCCESSFUL[0;39m in 3s
5 actionable tasks: 3 executed, 2 up-to-date
[0K
[0K
[2A[1m<[0;1m-------------> 0% WAITING[m[26D[1B[1m> :compileTestJava[m[18D[1B[2A[2K[1B[2K[1A[0m[?12l[?25hchandlj5@cf164-19:~/csci241/lab-1-JLChacos$ gradle run


[2A[1m<[0;32;1m=========[0;39;1m----> 75% EXECUTING [83ms][m[36D[1B[1m> :run[m[6D[1B[2A[0K
[31;1m> Task :run[0;39m[31m FAILED[39m
Exception in thread "main" java.lang.ArrayIndexOutOfBoundsException: Index 0 out of bounds for length 0
        at lab1.Hello.main(Hello.java:5)

[31mFAILURE: [39m[31mBuild failed with an exception.[39m

* What went wrong:
Execution failed for task ':run'.
[33m> [39mProcess 'command '/usr/lib/jvm/java-11-openjdk-amd64/bin/java'' finished with non-zero exit value 1

* Try:
Run with [1m--stacktrace[m option to get the stack trace. Run with [1m--info[m or [1m--debug[m option to get more log output. Run with [1m--scan[m to get full insights.

* Get more help at [1mhttps://help.gradle.org[m

[31;1mBUILD FAILED[0;39m in 431ms
2 actionable tasks: 1 executed, 1 up-to-date
[0K
[0K
[2A[1m<[0;1m-------------> 0% WAITING[m[26D[1B> IDLE[6D[1B[2A[2K[1B[2K[1A[0m[?12l[?25hchandlj5@cf164-19:~/csci241/lab-1-JLChacos$ gradle run --args=""2"4"1"


[2A[1m<[0;1m-------------> 0% EXECUTING [63ms][m[35D[1B[1m> :compileJava > Resolve files of :compileClasspath[m[51D[1B[2A[0K
[1m> Task :run[m[0K
Hello, 241

[32;1mBUILD SUCCESSFUL[0;39m in 485ms
2 actionable tasks: 1 executed, 1 up-to-date
[0K
[0K
[2A[1m<[0;1m-------------> 0% WAITING[m[26D[1B> IDLE[6D[1B[2A[2K[1B[2K[1A[0m[?12l[?25hchandlj5@cf164-19:~/csci241/lab-1-JLChacos$ gradle run --args="241"


[1A[1m> Connecting to Daemon[m[22D[1B[2A[1m<[0;32;1m=========[0;39;1m----> 75% EXECUTING [70ms][m[36D[1B[1m> :run[m[0K[6D[1B[2A[0K
[1m> Task :run[m
Hello, 241

[32;1mBUILD SUCCESSFUL[0;39m in 508ms
2 actionable tasks: 1 executed, 1 up-to-date
[0K
[0K
[2A[1m<[0;1m-------------> 0% WAITING[m[26D[1B> IDLE[6D[1B[2A[2K[1B[2K[1A[0m[?12l[?25hchandlj5@cf164-19:~/csci241/lab-1-JLChacos$ cd
chandlj5@cf164-19:~$ exit
exit

Script done on 2020-04-09 14:23:23-0700
Script started on 2020-04-09 14:25:40-0700
chandlj5@cf164-19:~$ /[Kcd csci241/lab-1-JLChaocs[K[K[Kcos
chandlj5@cf164-19:~/csci241/lab-1-JLChacos$ git status
On branch master
Your branch is up to date with 'origin/master'.

Changes not staged for commit:
  (use "git add <file>..." to update what will be committed)
  (use "git checkout -- <file>..." to discard changes in working directory)

	[31mmodified:   .gradle/6.1/executionHistory/executionHistory.bin[m
	[31mmodified:   .gradle/6.1/executionHistory/executionHistory.lock[m
	[31mmodified:   .gradle/6.1/fileHashes/fileHashes.bin[m
	[31mmodified:   .gradle/6.1/fileHashes/fileHashes.lock[m
	[31mmodified:   .gradle/buildOutputCleanup/buildOutputCleanup.lock[m
	[31mmodified:   build/distributions/lab1.tar[m
	[31mmodified:   build/distributions/lab1.zip[m
	[31mmodified:   build/libs/lab1.jar[m

no changes added to commit (use "git add" and/or "git commit -a")
chandlj5@cf164-19:~/csci241/lab-1-JLChacos$ git checkout [K[K[K[K[K[K[K[K[K[K[K[K[Kgit commit -a
hint: Waiting for your editor to close the file... [?2004h[?1049h[22;0;0t[?1h=[?2004h[1;43r[?12h[?12l[27m[23m[29m[m[H[2J[?25l[43;1H"~/csci241/lab-1-JLChacos/.git/COMMIT_EDITMSG"<csci241/lab-1-JLChacos/.git/COMMIT_EDITMSG" 17L, 657C[2;1H▽[6n[2;1H  [1;1H[>c]10;?]11;?[2;1H[34m# Please enter the commit message for your changes. Lines starting
# with '#' will be ignored, and an empty message aborts the commit.
#
# On branch [m[35mmaster[m
[34m# Your branch is up to date with '[m[35morigin/master[m[34m'.
#
# [m[35mChanges to be committed:[m
[34m#       [m[32mmodified[m[34m: [m[31m  .gradle/6.1/executionHistory/executionHistory.bin[m
[34m#       [m[32mmodified[m[34m: [m[31m  .gradle/6.1/executionHistory/executionHistory.lock[m
[34m#       [m[32mmodified[m[34m: [m[31m  .gradle/6.1/fileHashes/fileHashes.bin[m
[34m#       [m[32mmodified[m[34m: [m[31m  .gradle/6.1/fileHashes/fileHashes.lock[m
[34m#       [m[32mmodified[m[34m: [m[31m  .gradle/buildOutputCleanup/buildOutputCleanup.lock[m
[34m#       [m[32mmodified[m[34m: [m[31m  build/distributions/lab1.tar[m
[34m#       [m[32mmodified[m[34m: [m[31m  build/distributions/lab1.zip[m
[34m#       [m[32mmodified[m[34m: [m[31m  build/libs/lab1.jar[m
[34m#[m
[94m~                                                                                  [19;1H~                                                                                  [20;1H~                                                                                  [21;1H~                                                                                  [22;1H~                                                                                  [23;1H~                                                                                  [24;1H~                                                                                  [25;1H~                                                                                  [26;1H~                                                                                  [27;1H~                                                                                  [28;1H~                                                                                  [29;1H~                                                                                  [30;1H~                                                                                  [31;1H~                                                                                  [32;1H~                                                                                  [33;1H~                                                                                  [34;1H~                                                                                  [35;1H~                                                                                  [36;1H~                                                                                  [37;1H~                                                                                  [38;1H~                                                                                  [39;1H~                                                                                  [40;1H~                                                                                  [41;1H~                                                                                  [42;1H~                                                                                  [m[43;66H1,0-1[9CAll[1;1H[?25h[?25l[43;56H^[[1;1H[43;56H  [1;1H[43;56H^[[1;1H[43;58H[[1;1H[43;56H   [1;1H[43;56H^[[1;1H[43;58H[[1;1H[43;59H2[1;1H[43;56H    [1;1H[43;56H^[[1;1H[43;58H[[1;1H[43;59H2[1;1H[43;60H;[1;1H[43;56H     [1;1H[43;56H^[[1;1H[43;58H[[1;1H[43;59H2[1;1H[43;60H;[1;1H[43;61H2[1;1H[43;56H      [1;1H[?25h[?25l[43;56H:[1;1H[43;1H[K[43;1H:[?2004h[?25hq[?25l[?25h[?25l[?2004l[43;1H[K[43;1H[?2004l[?1l>[?25h[?1049l[23;0;0t[KAborting commit due to empty commit message.
chandlj5@cf164-19:~/csci241/lab-1-JLChacos$ nanon[K java[K[K[K[Ksrc/main/java/lab1/Hello.java
[?1049h[22;0;0t[1;43r(B[m[4l[?7h[39;49m[?1h=[?1h=[?1h=[?25l[49m(B[m[H[2J[41;34H(B[0;7m[ Reading File ](B[m[41;40H(B[0;7m 7 lines ](B[m[H(B[0;7m  GNU nano 2.9.3              src/main/java/lab1/Hello.java                        [1;82H(B[m[42d(B[0;7m^G(B[m Get Help  (B[0;7m^O(B[m Write Out (B[0;7m^W(B[m Where Is  (B[0;7m^K(B[m Cut Text  (B[0;7m^J(B[m Justify   (B[0;7m^C(B[m Cur Pos[43d(B[0;7m^X(B[m Exit[14G(B[0;7m^R(B[m Read File (B[0;7m^\(B[m Replace   (B[0;7m^U(B[m Uncut Text(B[0;7m^T(B[m To Spell  (B[0;7m^_(B[m Go To Line[41d[3d[49m[36mpackage[39m(B[m lab1;[5d[36mpublic[39m(B[m [36mclass[39m(B[m Hello {[6;3H[36mpublic[39m(B[m [36mstatic[39m(B[m [32mvoid[39m(B[m main(String[] args) {[7;5HSystem.out.println([31m"Hello, "[39m(B[m + args[0]);[8;3H}[9d}[3d[?12l[?25h[?25l[1;74H(B[0;7mModified(B[m[3d+[36mpackage[39m(B[m lab1;+[?12l[?25h[?25l[1P[?12l[?25h[?25l[4d[?12l[?25h[?25l[5d[?12l[?25h[?25l[6d[?12l[?25h[?25l [?12l[?25h[?25l [?12l[?25h[?25l[C[?12l[?25h[?25l[C[?12l[?25h[?25l[C[?12l[?25h[?25l[C[?12l[?25h[?25l[C[?12l[?25h[?25l[C[?12l[?25h[?25l [?12l[?25h[?25l[C[?12l[?25h[?25l[C[?12l[?25h[?25l[7d[?12l[?25h[?25l[8;4H[?12l[?25h[?25l[9d[?12l[?25h[?25l}[?12l[?25h[?25l[10d[?12l[?25h[?25l[?12l[?25h[?25l[?12l[?25h[?25l[?12l[?25h[?25l[?12l[?25h[?25l[41d[K[10d[?12l[?25h[?25l[?12l[?25h[?25l[?12l[?25h[?25l[?12l[?25h[?25l[?12l[?25h[?25l[?12l[?25h[?25l[?12l[?25h[?25l[?12l[?25h[?25l[?12l[?25h[?25l[?12l[?25h[?25l[?12l[?25h[?25l[?12l[?25h[?25l[A[?12l[?25h[?25l[A[?12l[?25h[?25l[A[?12l[?25h[?25l [?12l[?25h[?25l [?12l[?25h[?25l [?12l[?25h[?25l [?12l[?25h[?25lS[?12l[?25h[?25ly[?12l[?25h[?25ls[?12l[?25h[?25lt[?12l[?25h[?25le[?12l[?25h[?25lm[?12l[?25h[?25l.[?12l[?25h[?25lo[?12l[?25h[?25lu[?12l[?25h[?25lt[?12l[?25h[?25l.[?12l[?25h[?25lp[?12l[?25h[?25lr[?12l[?25h[?25li[?12l[?25h[?25ln[?12l[?25h[?25lt[?12l[?25h[?25ll[?12l[?25h[?25ln[?12l[?25h[?25l([?12l[?25h[?25l[C[?12l[?25h[?25l[C[?12l[?25h[?25l[C[?12l[?25h[?25l[C[?12l[?25h[?25l[C[?12l[?25h[?25l[C[?12l[?25h[?25l[C[?12l[?25h[?25l[C[?12l[?25h[?25l[C[?12l[?25h[?25l [?12l[?25h[?25l+[?12l[?25h[?25l [?12l[?25h[?25la[?12l[?25h[?25lr[?12l[?25h[?25lg[?12l[?25h[?25ls[?12l[?25h[?25l[[?12l[?25h[?25l0[?12l[?25h[?25l][?12l[?25h[?25l*);[?12l[?25h[?25l);[K[?12l[?25h[?25l+);[?12l[?25h[?25l");[?12l[?25h[?25l!);[?12l[?25h[?25l[31m"!"[39m(B[m);[?12l[?25h[?25lx);[?12l[?25h[?25l);[K[?12l[?25h[?25l[41d(B[0;7mSave modified buffer?  (Answering "No" will DISCARD changes.)                      [42;1H Y(B[m Yes[K[43d(B[0;7m N(B[m No  [14G   (B[0;7m^C(B[m Cancel[K[41;63H[?12l[?25h[?25l[42d(B[0;7m^G(B[m Get Help[42;21H(B[0;7mM-D(B[m DOS Format[41G(B[0;7mM-A(B[m Append[42;61H(B[0;7mM-B(B[m Backup File[43d(B[0;7m^C(B[m Cancel[17G    (B[0;7mM-M(B[m Mac Format[41G(B[0;7mM-P(B[m Prepend[43;61H(B[0;7m^T(B[m To Files[41d(B[0;7mFile Name to Write: src/main/java/lab1/Hello.java            (B[m[41;50H[?12l[?25h[?25l[K[1;82H[1;74H(B[0;7m        (B[m[41;34H(B[0;7m[ Wrote 7 lines ](B[m[J[43;83H[?12l[?25h[43;1H[?1049l[23;0;0t[?1l>chandlj5@cf164-19:~/csci241/lab-1-JLChacos$ git status
On branch master
Your branch is up to date with 'origin/master'.

Changes not staged for commit:
  (use "git add <file>..." to update what will be committed)
  (use "git checkout -- <file>..." to discard changes in working directory)

	[31mmodified:   .gradle/6.1/executionHistory/executionHistory.bin[m
	[31mmodified:   .gradle/6.1/executionHistory/executionHistory.lock[m
	[31mmodified:   .gradle/6.1/fileHashes/fileHashes.bin[m
	[31mmodified:   .gradle/6.1/fileHashes/fileHashes.lock[m
	[31mmodified:   .gradle/buildOutputCleanup/buildOutputCleanup.lock[m
	[31mmodified:   build/distributions/lab1.tar[m
	[31mmodified:   build/distributions/lab1.zip[m
	[31mmodified:   build/libs/lab1.jar[m
	[31mmodified:   src/main/java/lab1/Hello.java[m

no changes added to commit (use "git add" and/or "git commit -a")
chandlj5@cf164-19:~/csci241/lab-1-JLChacos$ git add src/mi[Kain/java/la[K[K[K[K[K[K[K[K[K[K[K[K[K[K[K[K[K[K[K[K[K[K[K[Kgradle run --args="241"


[1A[1m> Connecting to Daemon[m[22D[1B[2A[1m<[0;1m-------------> 0% EXECUTING [71ms][m[35D[1B[1m> :compileJava[m[0K[14D[1B[2A[1m<[0;1m-------------> 0% EXECUTING [171ms][m[36D[2B[2A[1m<[0;1m-------------> 0% EXECUTING [271ms][m[36D[2B[2A[1m<[0;1m-------------> 0% EXECUTING [371ms][m[36D[2B[2A[1m<[0;32;1m=========[0;39;1m----> 75% EXECUTING [471ms][m[37D[1B[1m> :run[m[0K[6D[1B[2A[0K
[1m> Task :run[m
Hello, 241!

[32;1mBUILD SUCCESSFUL[0;39m in 845ms
2 actionable tasks: 2 executed
[0K
[0K
[2A[1m<[0;1m-------------> 0% WAITING[m[26D[1B[1m> :run[m[6D[1B[2A[2K[1B[2K[1A[0m[?12l[?25hchandlj5@cf164-19:~/csci241/lab-1-JLChacos$ a[Kgit add src/main/java/lab/Hello.java
fatal: pathspec 'src/main/java/lab/Hello.java' did not match any files
chandlj5@cf164-19:~/csci241/lab-1-JLChacos$ git add src.[K/main/java/lab1/hell[K[K[K[KHello.java
chandlj5@cf164-19:~/csci241/lab-1-JLChacos$ git commit -m [K "Hello now prints command  line arge[K"
[master a71c98f] Hello now prints command line arg
 1 file changed, 1 insertion(+), 1 deletion(-)
chandlj5@cf164-19:~/csci241/lab-1-JLChacos$ git push
Username for 'https://github.com': JLCH hacos
Password for 'https://JLChacos@github.com': 
Counting objects: 7, done.
Delta compression using up to 8 threads.
Compressing objects:  33% (1/3)   Compressing objects:  66% (2/3)   Compressing objects: 100% (3/3)   Compressing objects: 100% (3/3), done.
Writing objects:  14% (1/7)   Writing objects:  28% (2/7)   Writing objects:  42% (3/7)   Writing objects:  57% (4/7)   Writing objects:  71% (5/7)   Writing objects:  85% (6/7)   Writing objects: 100% (7/7)   Writing objects: 100% (7/7), 483 bytes | 241.00 KiB/s, done.
Total 7 (delta 2), reused 0 (delta 0)
remote: Resolving deltas:   0% (0/2)[Kremote: Resolving deltas:  50% (1/2)[Kremote: Resolving deltas: 100% (2/2)[Kremote: Resolving deltas: 100% (2/2), completed with 2 local objects.[K
To https://github.com/csci241-20s/lab-1-JLChacos
   cb88d68..a71c98f  master -> master
chandlj5@cf164-19:~/csci241/lab-1-JLChacos$ exit
exit

Script done on 2020-04-09 14:39:31-0700
